{%extends 'base.html'%}
{% block content %}

<div class="container">
    <div class="row" style="margin-top:50px;">
        <div class="col-md-1"></div>
        <div class="col-sm-12 col-md-5 col-lg-4">
            <div class="card" style="height:340px;width:150%;margin-bottom:10px;">
                <div class="card-body">
                    <a href="{% url 'projectdetails' id=project.id %}">
                        <img class="card-img-top mb-10" src="{{project.project_image.url}}"
                            style="height:270px; width:300px;">
                    </a>
                </div>
                <div class="card-body">
                    <div class="card-text">
                    </div>
                </div>
            </div>
        </div>
        <!-- Empty div -->
        <div class="col-md-5">
            <div class="card" style="height:340px;margin-bottom:10px;">
                <div class="card-body">
                    <p style="font-size: 20px;"> <b>TITLE : </b> {{project.project_title}} </p>
                    <p>
                        {% autoescape off %}
                        <b style="font-size: 20px;">DESCRIPTION : </b> {{project.project_description}}
                        {% endautoescape %}
                    </p>
                    <br>
                    <a href="{% url 'review' project_id=project.id%}" class="btn btn-primary btn-lg"
                        style="margin-top:4px;">Rate Project</a>
                    <br>
                    <br>
                    <a href="{{project.project_link}}" class="btn btn-primary btn-lg" target="_blank">Visit Link</a>
                    <br>
                </div>
                <div class="card-body">
                    <div class="card-text">
                    </div>
                </div>
            </div>
        </div>
    </div>
    <div class="row" style="padding-left: 185px;">
        {% if reviews %}
        <div class="col-md-2">
            <p style="font-size: 20px; font-weight: bold; text-align: center;">DESIGN</p>
        </div>
        <div class="col-md-2">
            <p style="font-size: 20px; font-weight: bold; text-align: center;">USABILITY</p>
        </div>
        <div class="col-md-2">
            <p style="font-size: 20px; font-weight: bold; text-align: center;">CONTENT</p>
            {%else%}
            <h3 style="padding-left:400px;">This project has no ratings</h3>
            {%endif%}
        </div>
    </div>
    <br>
    <div class="container">
        {% for review in reviews %}
        <div class="row">
            {% if project.id == review.project.id %}
            <div class="col-md-2">
                Rating by : <b> {{review.user.username}}</b></div>
            <div class="col-md-2">
                <button type="button" class="btn btn-danger btn-lg">{{review.design}}</button>
            </div>
            <div class="col-md-2">
                <button type="button" class="btn btn-warning btn-lg">{{review.usability}}</button>
            </div>
            <div class="col-md-2">
                <button type="button" class="btn btn-success btn-lg">{{review.content}}</button>
            </div>
            <div class="col-md-2">
                <button type="button" class="btn btn-secondary btn-lg">{{review.average}}</button>
            </div>
        </div>
    </div>
    {%endif%}
</div>
{% endfor  %}
{% endblock %}